Archive member included to satisfy reference by file (symbol)

c:/program files (x86)/atmel/studio/7.0/toolchain/avr8/avr8-gnu-toolchain/bin/../lib/gcc/avr/5.4.0/../../../../avr/lib/avr5\libm.a(addsf3.o)
                              MCAL/timers/timer.o (__addsf3)
c:/program files (x86)/atmel/studio/7.0/toolchain/avr8/avr8-gnu-toolchain/bin/../lib/gcc/avr/5.4.0/../../../../avr/lib/avr5\libm.a(addsf3x.o)
                              c:/program files (x86)/atmel/studio/7.0/toolchain/avr8/avr8-gnu-toolchain/bin/../lib/gcc/avr/5.4.0/../../../../avr/lib/avr5\libm.a(addsf3.o) (__addsf3x)
c:/program files (x86)/atmel/studio/7.0/toolchain/avr8/avr8-gnu-toolchain/bin/../lib/gcc/avr/5.4.0/../../../../avr/lib/avr5\libm.a(ceil.o)
                              MCAL/timers/timer.o (ceil)
c:/program files (x86)/atmel/studio/7.0/toolchain/avr8/avr8-gnu-toolchain/bin/../lib/gcc/avr/5.4.0/../../../../avr/lib/avr5\libm.a(cmpsf2.o)
                              MCAL/timers/timer.o (__ltsf2)
c:/program files (x86)/atmel/studio/7.0/toolchain/avr8/avr8-gnu-toolchain/bin/../lib/gcc/avr/5.4.0/../../../../avr/lib/avr5\libm.a(divsf3.o)
                              MCAL/timers/timer.o (__divsf3)
c:/program files (x86)/atmel/studio/7.0/toolchain/avr8/avr8-gnu-toolchain/bin/../lib/gcc/avr/5.4.0/../../../../avr/lib/avr5\libm.a(divsf3x.o)
                              c:/program files (x86)/atmel/studio/7.0/toolchain/avr8/avr8-gnu-toolchain/bin/../lib/gcc/avr/5.4.0/../../../../avr/lib/avr5\libm.a(divsf3.o) (__divsf3x)
c:/program files (x86)/atmel/studio/7.0/toolchain/avr8/avr8-gnu-toolchain/bin/../lib/gcc/avr/5.4.0/../../../../avr/lib/avr5\libm.a(fixunssfsi.o)
                              MCAL/timers/timer.o (__fixunssfsi)
c:/program files (x86)/atmel/studio/7.0/toolchain/avr8/avr8-gnu-toolchain/bin/../lib/gcc/avr/5.4.0/../../../../avr/lib/avr5\libm.a(fp_cmp.o)
                              c:/program files (x86)/atmel/studio/7.0/toolchain/avr8/avr8-gnu-toolchain/bin/../lib/gcc/avr/5.4.0/../../../../avr/lib/avr5\libm.a(cmpsf2.o) (__fp_cmp)
c:/program files (x86)/atmel/studio/7.0/toolchain/avr8/avr8-gnu-toolchain/bin/../lib/gcc/avr/5.4.0/../../../../avr/lib/avr5\libm.a(fp_inf.o)
                              c:/program files (x86)/atmel/studio/7.0/toolchain/avr8/avr8-gnu-toolchain/bin/../lib/gcc/avr/5.4.0/../../../../avr/lib/avr5\libm.a(addsf3x.o) (__fp_inf)
c:/program files (x86)/atmel/studio/7.0/toolchain/avr8/avr8-gnu-toolchain/bin/../lib/gcc/avr/5.4.0/../../../../avr/lib/avr5\libm.a(fp_mintl.o)
                              c:/program files (x86)/atmel/studio/7.0/toolchain/avr8/avr8-gnu-toolchain/bin/../lib/gcc/avr/5.4.0/../../../../avr/lib/avr5\libm.a(ceil.o) (__fp_mintl)
c:/program files (x86)/atmel/studio/7.0/toolchain/avr8/avr8-gnu-toolchain/bin/../lib/gcc/avr/5.4.0/../../../../avr/lib/avr5\libm.a(fp_mpack.o)
                              c:/program files (x86)/atmel/studio/7.0/toolchain/avr8/avr8-gnu-toolchain/bin/../lib/gcc/avr/5.4.0/../../../../avr/lib/avr5\libm.a(ceil.o) (__fp_mpack)
c:/program files (x86)/atmel/studio/7.0/toolchain/avr8/avr8-gnu-toolchain/bin/../lib/gcc/avr/5.4.0/../../../../avr/lib/avr5\libm.a(fp_nan.o)
                              c:/program files (x86)/atmel/studio/7.0/toolchain/avr8/avr8-gnu-toolchain/bin/../lib/gcc/avr/5.4.0/../../../../avr/lib/avr5\libm.a(addsf3x.o) (__fp_nan)
c:/program files (x86)/atmel/studio/7.0/toolchain/avr8/avr8-gnu-toolchain/bin/../lib/gcc/avr/5.4.0/../../../../avr/lib/avr5\libm.a(fp_pscA.o)
                              c:/program files (x86)/atmel/studio/7.0/toolchain/avr8/avr8-gnu-toolchain/bin/../lib/gcc/avr/5.4.0/../../../../avr/lib/avr5\libm.a(addsf3x.o) (__fp_pscA)
c:/program files (x86)/atmel/studio/7.0/toolchain/avr8/avr8-gnu-toolchain/bin/../lib/gcc/avr/5.4.0/../../../../avr/lib/avr5\libm.a(fp_pscB.o)
                              c:/program files (x86)/atmel/studio/7.0/toolchain/avr8/avr8-gnu-toolchain/bin/../lib/gcc/avr/5.4.0/../../../../avr/lib/avr5\libm.a(addsf3x.o) (__fp_pscB)
c:/program files (x86)/atmel/studio/7.0/toolchain/avr8/avr8-gnu-toolchain/bin/../lib/gcc/avr/5.4.0/../../../../avr/lib/avr5\libm.a(fp_round.o)
                              c:/program files (x86)/atmel/studio/7.0/toolchain/avr8/avr8-gnu-toolchain/bin/../lib/gcc/avr/5.4.0/../../../../avr/lib/avr5\libm.a(addsf3.o) (__fp_round)
c:/program files (x86)/atmel/studio/7.0/toolchain/avr8/avr8-gnu-toolchain/bin/../lib/gcc/avr/5.4.0/../../../../avr/lib/avr5\libm.a(fp_split3.o)
                              c:/program files (x86)/atmel/studio/7.0/toolchain/avr8/avr8-gnu-toolchain/bin/../lib/gcc/avr/5.4.0/../../../../avr/lib/avr5\libm.a(addsf3x.o) (__fp_split3)
c:/program files (x86)/atmel/studio/7.0/toolchain/avr8/avr8-gnu-toolchain/bin/../lib/gcc/avr/5.4.0/../../../../avr/lib/avr5\libm.a(fp_trunc.o)
                              c:/program files (x86)/atmel/studio/7.0/toolchain/avr8/avr8-gnu-toolchain/bin/../lib/gcc/avr/5.4.0/../../../../avr/lib/avr5\libm.a(ceil.o) (__fp_trunc)
c:/program files (x86)/atmel/studio/7.0/toolchain/avr8/avr8-gnu-toolchain/bin/../lib/gcc/avr/5.4.0/../../../../avr/lib/avr5\libm.a(fp_zero.o)
                              c:/program files (x86)/atmel/studio/7.0/toolchain/avr8/avr8-gnu-toolchain/bin/../lib/gcc/avr/5.4.0/../../../../avr/lib/avr5\libm.a(addsf3x.o) (__fp_zero)
c:/program files (x86)/atmel/studio/7.0/toolchain/avr8/avr8-gnu-toolchain/bin/../lib/gcc/avr/5.4.0/../../../../avr/lib/avr5\libm.a(gesf2.o)
                              MCAL/timers/timer.o (__gesf2)
c:/program files (x86)/atmel/studio/7.0/toolchain/avr8/avr8-gnu-toolchain/bin/../lib/gcc/avr/5.4.0/avr5\libgcc.a(_udivmodsi4.o)
                              HAL/lcd/LCD.o (__udivmodsi4)
c:/program files (x86)/atmel/studio/7.0/toolchain/avr8/avr8-gnu-toolchain/bin/../lib/gcc/avr/5.4.0/avr5\libgcc.a(_exit.o)
                              C:/Program Files (x86)/Atmel/Studio/7.0/Packs/atmel/ATmega_DFP/1.7.374/gcc/dev/atmega32/avr5/crtatmega32.o (exit)
c:/program files (x86)/atmel/studio/7.0/toolchain/avr8/avr8-gnu-toolchain/bin/../lib/gcc/avr/5.4.0/avr5\libgcc.a(_tablejump2.o)
                              MCAL/spi/spi.o (__tablejump2__)
c:/program files (x86)/atmel/studio/7.0/toolchain/avr8/avr8-gnu-toolchain/bin/../lib/gcc/avr/5.4.0/avr5\libgcc.a(_copy_data.o)
                              APP/APP.o (__do_copy_data)
c:/program files (x86)/atmel/studio/7.0/toolchain/avr8/avr8-gnu-toolchain/bin/../lib/gcc/avr/5.4.0/avr5\libgcc.a(_clear_bss.o)
                              MCAL/exi_interrupt/EXI_INTERRUPT.o (__do_clear_bss)

Allocating common symbols
Common symbol       size              file

uint8_t_g_receive_arr
                    0x14              MCAL/usart/uart.o
uint8_t_g_send_ptr  0x2               MCAL/usart/uart.o

Discarded input sections

 .data          0x00000000        0x0 C:/Program Files (x86)/Atmel/Studio/7.0/Packs/atmel/ATmega_DFP/1.7.374/gcc/dev/atmega32/avr5/crtatmega32.o
 .bss           0x00000000        0x0 C:/Program Files (x86)/Atmel/Studio/7.0/Packs/atmel/ATmega_DFP/1.7.374/gcc/dev/atmega32/avr5/crtatmega32.o
 .text          0x00000000        0x0 APP/APP.o
 .data          0x00000000        0x0 APP/APP.o
 .bss           0x00000000        0x0 APP/APP.o
 .text          0x00000000        0x0 HAL/buzzer/buzzer.o
 .data          0x00000000        0x0 HAL/buzzer/buzzer.o
 .bss           0x00000000        0x0 HAL/buzzer/buzzer.o
 .text.buzzer_init
                0x00000000        0xa HAL/buzzer/buzzer.o
 .text.buzzer_On
                0x00000000        0xa HAL/buzzer/buzzer.o
 .text.buzzer_Off
                0x00000000        0xa HAL/buzzer/buzzer.o
 .debug_info    0x00000000      0x1ff HAL/buzzer/buzzer.o
 .debug_abbrev  0x00000000       0x85 HAL/buzzer/buzzer.o
 .debug_aranges
                0x00000000       0x30 HAL/buzzer/buzzer.o
 .debug_ranges  0x00000000       0x20 HAL/buzzer/buzzer.o
 .debug_line    0x00000000       0x9c HAL/buzzer/buzzer.o
 .debug_str     0x00000000      0x28b HAL/buzzer/buzzer.o
 .comment       0x00000000       0x31 HAL/buzzer/buzzer.o
 .debug_frame   0x00000000       0x44 HAL/buzzer/buzzer.o
 .text          0x00000000        0x0 HAL/keypad/keypad.o
 .data          0x00000000        0x0 HAL/keypad/keypad.o
 .bss           0x00000000        0x0 HAL/keypad/keypad.o
 .text.KEYPAD_init
                0x00000000       0x32 HAL/keypad/keypad.o
 .text.KEYPAD_getKey
                0x00000000      0x190 HAL/keypad/keypad.o
 .debug_info    0x00000000      0x3e2 HAL/keypad/keypad.o
 .debug_abbrev  0x00000000      0x157 HAL/keypad/keypad.o
 .debug_loc     0x00000000      0x259 HAL/keypad/keypad.o
 .debug_aranges
                0x00000000       0x28 HAL/keypad/keypad.o
 .debug_ranges  0x00000000       0x18 HAL/keypad/keypad.o
 .debug_line    0x00000000      0x2c7 HAL/keypad/keypad.o
 .debug_str     0x00000000      0x37b HAL/keypad/keypad.o
 .comment       0x00000000       0x31 HAL/keypad/keypad.o
 .debug_frame   0x00000000       0x5c HAL/keypad/keypad.o
 .text          0x00000000        0x0 HAL/lcd/LCD.o
 .data          0x00000000        0x0 HAL/lcd/LCD.o
 .bss           0x00000000        0x0 HAL/lcd/LCD.o
 .text.LCD_WRITE_COMMAND
                0x00000000       0xc8 HAL/lcd/LCD.o
 .text.LCD_WRITE_DATA
                0x00000000       0xc8 HAL/lcd/LCD.o
 .text.LCD_INIT
                0x00000000       0xa0 HAL/lcd/LCD.o
 .text.LCD_Write_String
                0x00000000       0x26 HAL/lcd/LCD.o
 .text.LCD_Write_Number
                0x00000000       0xa4 HAL/lcd/LCD.o
 .text.LCD_Clear
                0x00000000        0x8 HAL/lcd/LCD.o
 .text.LCD_GoTo
                0x00000000       0x1c HAL/lcd/LCD.o
 .text.LCD_Write_Charecter
                0x00000000        0x6 HAL/lcd/LCD.o
 .text.LCD_Create_Charecter
                0x00000000       0x36 HAL/lcd/LCD.o
 .debug_info    0x00000000      0xb5c HAL/lcd/LCD.o
 .debug_abbrev  0x00000000      0x17f HAL/lcd/LCD.o
 .debug_loc     0x00000000      0x778 HAL/lcd/LCD.o
 .debug_aranges
                0x00000000       0x60 HAL/lcd/LCD.o
 .debug_ranges  0x00000000       0x50 HAL/lcd/LCD.o
 .debug_line    0x00000000      0x3e0 HAL/lcd/LCD.o
 .debug_str     0x00000000      0x3f3 HAL/lcd/LCD.o
 .comment       0x00000000       0x31 HAL/lcd/LCD.o
 .debug_frame   0x00000000      0x100 HAL/lcd/LCD.o
 .text          0x00000000        0x0 HAL/led/LED.o
 .data          0x00000000        0x0 HAL/led/LED.o
 .bss           0x00000000        0x0 HAL/led/LED.o
 .text.LED_OFF  0x00000000       0x12 HAL/led/LED.o
 .text          0x00000000        0x0 main.o
 .data          0x00000000        0x0 main.o
 .bss           0x00000000        0x0 main.o
 .text          0x00000000        0x0 MCAL/dio/DIO.o
 .data          0x00000000        0x0 MCAL/dio/DIO.o
 .bss           0x00000000        0x0 MCAL/dio/DIO.o
 .text.DIO_READPIN
                0x00000000       0x98 MCAL/dio/DIO.o
 .text.DIO_TogglePin
                0x00000000       0x82 MCAL/dio/DIO.o
 .text          0x00000000        0x0 MCAL/exi_interrupt/EXI_INTERRUPT.o
 .data          0x00000000        0x0 MCAL/exi_interrupt/EXI_INTERRUPT.o
 .bss           0x00000000        0x0 MCAL/exi_interrupt/EXI_INTERRUPT.o
 .text.EXI_Enable
                0x00000000       0x24 MCAL/exi_interrupt/EXI_INTERRUPT.o
 .text.EXI_Disable
                0x00000000       0x24 MCAL/exi_interrupt/EXI_INTERRUPT.o
 .text.EXI_Trigger
                0x00000000       0xb8 MCAL/exi_interrupt/EXI_INTERRUPT.o
 .text.EXI_SetCallBack
                0x00000000       0x2a MCAL/exi_interrupt/EXI_INTERRUPT.o
 .bss.car_flag  0x00000000        0x1 MCAL/exi_interrupt/EXI_INTERRUPT.o
 .text          0x00000000        0x0 MCAL/spi/spi.o
 .data          0x00000000        0x0 MCAL/spi/spi.o
 .bss           0x00000000        0x0 MCAL/spi/spi.o
 .text.SPI_MasterInit
                0x00000000       0xde MCAL/spi/spi.o
 .progmem.gcc_sw_table.SPI_MasterInit
                0x00000000        0xe MCAL/spi/spi.o
 .text.SPI_SlaveInit
                0x00000000       0xd6 MCAL/spi/spi.o
 .progmem.gcc_sw_table.SPI_SlaveInit
                0x00000000        0xe MCAL/spi/spi.o
 .text.SPI_SendReceive
                0x00000000        0xa MCAL/spi/spi.o
 .text.SPI_RecievePeriodicChecking
                0x00000000       0x16 MCAL/spi/spi.o
 .text.SPI_SendNoBlock
                0x00000000        0x4 MCAL/spi/spi.o
 .text.SPI_ReceiveNoBlock
                0x00000000        0x4 MCAL/spi/spi.o
 .text.SPI_InterruptEnable
                0x00000000        0x8 MCAL/spi/spi.o
 .text.SPI_InterruptDisable
                0x00000000        0x8 MCAL/spi/spi.o
 .text.SPI_SetCallBack
                0x00000000        0xa MCAL/spi/spi.o
 .text          0x00000000        0x0 MCAL/timers/timer.o
 .data          0x00000000        0x0 MCAL/timers/timer.o
 .bss           0x00000000        0x0 MCAL/timers/timer.o
 .text.TIMER_0_init
                0x00000000       0x54 MCAL/timers/timer.o
 .text.TIMER_0_start
                0x00000000       0x8c MCAL/timers/timer.o
 .text.TIMER_0_stop
                0x00000000       0x14 MCAL/timers/timer.o
 .text.TIMER_0_setIntialValue
                0x00000000       0x50 MCAL/timers/timer.o
 .text.TIMER_0_OvfNum
                0x00000000       0xc6 MCAL/timers/timer.o
 .text.TIMER_0_DELAY_MS
                0x00000000       0x58 MCAL/timers/timer.o
 .text.TIMER_0_pwm
                0x00000000       0x34 MCAL/timers/timer.o
 .text.TIMER_2_init
                0x00000000       0x54 MCAL/timers/timer.o
 .text.TIMER_2_stop
                0x00000000       0x14 MCAL/timers/timer.o
 .text.TIMER_2_setIntialValue
                0x00000000        0x6 MCAL/timers/timer.o
 .text.TIMER_2_start
                0x00000000       0xb2 MCAL/timers/timer.o
 .progmem.gcc_sw_table.TIMER_2_start
                0x00000000        0xe MCAL/timers/timer.o
 .text.TIMER_2_OvfNum
                0x00000000       0xc6 MCAL/timers/timer.o
 .text.TIMER_2_DELAY_MS
                0x00000000       0x4c MCAL/timers/timer.o
 .text.TIMER2_SetCallBack
                0x00000000        0x2 MCAL/timers/timer.o
 .text.TIMER_2_INT
                0x00000000       0x1c MCAL/timers/timer.o
 .bss.g_ovfNum  0x00000000        0x4 MCAL/timers/timer.o
 .text          0x00000000        0x0 MCAL/usart/uart.o
 .data          0x00000000        0x0 MCAL/usart/uart.o
 .bss           0x00000000        0x0 MCAL/usart/uart.o
 .text.uart_RX_intDisable
                0x00000000        0x8 MCAL/usart/uart.o
 .text.uart_receive_string
                0x00000000        0x2 MCAL/usart/uart.o
 .text.uart_TX_intDisable
                0x00000000        0x8 MCAL/usart/uart.o
 .text.uart_TX_RX_interrupt_disable
                0x00000000        0xa MCAL/usart/uart.o
 COMMON         0x00000000       0x16 MCAL/usart/uart.o
 .text          0x00000000        0x0 MCAL/usart/uart_config.o
 .data          0x00000000        0x0 MCAL/usart/uart_config.o
 .bss           0x00000000        0x0 MCAL/usart/uart_config.o
 .text          0x00000000        0x0 SERVICE/bcm/bcm.o
 .data          0x00000000        0x0 SERVICE/bcm/bcm.o
 .bss           0x00000000        0x0 SERVICE/bcm/bcm.o
 .text.bcm_denit
                0x00000000       0x22 SERVICE/bcm/bcm.o
 .text.bcm_send
                0x00000000       0x60 SERVICE/bcm/bcm.o
 .bss.l_send_state_.1803
                0x00000000        0x1 SERVICE/bcm/bcm.o
 .text          0x00000000        0x0 SERVICE/bcm/bcm_config.o
 .data          0x00000000        0x0 SERVICE/bcm/bcm_config.o
 .bss           0x00000000        0x0 SERVICE/bcm/bcm_config.o
 .text          0x00000000        0x0 SERVICE/sos/sos.o
 .data          0x00000000        0x0 SERVICE/sos/sos.o
 .bss           0x00000000        0x0 SERVICE/sos/sos.o
 .debug_line    0x00000000        0x0 SERVICE/sos/sos.o
 .debug_str     0x00000000      0x124 SERVICE/sos/sos.o
 .comment       0x00000000       0x31 SERVICE/sos/sos.o
 .text          0x00000000        0x0 SERVICE/sos/sos_config.o
 .data          0x00000000        0x0 SERVICE/sos/sos_config.o
 .bss           0x00000000        0x0 SERVICE/sos/sos_config.o
 .debug_line    0x00000000        0x0 SERVICE/sos/sos_config.o
 .debug_str     0x00000000      0x12b SERVICE/sos/sos_config.o
 .comment       0x00000000       0x31 SERVICE/sos/sos_config.o
 .text          0x00000000        0x0 c:/program files (x86)/atmel/studio/7.0/toolchain/avr8/avr8-gnu-toolchain/bin/../lib/gcc/avr/5.4.0/../../../../avr/lib/avr5\libm.a(addsf3.o)
 .data          0x00000000        0x0 c:/program files (x86)/atmel/studio/7.0/toolchain/avr8/avr8-gnu-toolchain/bin/../lib/gcc/avr/5.4.0/../../../../avr/lib/avr5\libm.a(addsf3.o)
 .bss           0x00000000        0x0 c:/program files (x86)/atmel/studio/7.0/toolchain/avr8/avr8-gnu-toolchain/bin/../lib/gcc/avr/5.4.0/../../../../avr/lib/avr5\libm.a(addsf3.o)
 .text.avr-libc.fplib
                0x00000000        0xe c:/program files (x86)/atmel/studio/7.0/toolchain/avr8/avr8-gnu-toolchain/bin/../lib/gcc/avr/5.4.0/../../../../avr/lib/avr5\libm.a(addsf3.o)
 .text          0x00000000        0x0 c:/program files (x86)/atmel/studio/7.0/toolchain/avr8/avr8-gnu-toolchain/bin/../lib/gcc/avr/5.4.0/../../../../avr/lib/avr5\libm.a(addsf3x.o)
 .data          0x00000000        0x0 c:/program files (x86)/atmel/studio/7.0/toolchain/avr8/avr8-gnu-toolchain/bin/../lib/gcc/avr/5.4.0/../../../../avr/lib/avr5\libm.a(addsf3x.o)
 .bss           0x00000000        0x0 c:/program files (x86)/atmel/studio/7.0/toolchain/avr8/avr8-gnu-toolchain/bin/../lib/gcc/avr/5.4.0/../../../../avr/lib/avr5\libm.a(addsf3x.o)
 .text.avr-libc.fplib
                0x00000000       0xcc c:/program files (x86)/atmel/studio/7.0/toolchain/avr8/avr8-gnu-toolchain/bin/../lib/gcc/avr/5.4.0/../../../../avr/lib/avr5\libm.a(addsf3x.o)
 .text          0x00000000        0x0 c:/program files (x86)/atmel/studio/7.0/toolchain/avr8/avr8-gnu-toolchain/bin/../lib/gcc/avr/5.4.0/../../../../avr/lib/avr5\libm.a(ceil.o)
 .data          0x00000000        0x0 c:/program files (x86)/atmel/studio/7.0/toolchain/avr8/avr8-gnu-toolchain/bin/../lib/gcc/avr/5.4.0/../../../../avr/lib/avr5\libm.a(ceil.o)
 .bss           0x00000000        0x0 c:/program files (x86)/atmel/studio/7.0/toolchain/avr8/avr8-gnu-toolchain/bin/../lib/gcc/avr/5.4.0/../../../../avr/lib/avr5\libm.a(ceil.o)
 .text.avr-libc.fplib
                0x00000000       0x2e c:/program files (x86)/atmel/studio/7.0/toolchain/avr8/avr8-gnu-toolchain/bin/../lib/gcc/avr/5.4.0/../../../../avr/lib/avr5\libm.a(ceil.o)
 .text          0x00000000        0x0 c:/program files (x86)/atmel/studio/7.0/toolchain/avr8/avr8-gnu-toolchain/bin/../lib/gcc/avr/5.4.0/../../../../avr/lib/avr5\libm.a(cmpsf2.o)
 .data          0x00000000        0x0 c:/program files (x86)/atmel/studio/7.0/toolchain/avr8/avr8-gnu-toolchain/bin/../lib/gcc/avr/5.4.0/../../../../avr/lib/avr5\libm.a(cmpsf2.o)
 .bss           0x00000000        0x0 c:/program files (x86)/atmel/studio/7.0/toolchain/avr8/avr8-gnu-toolchain/bin/../lib/gcc/avr/5.4.0/../../../../avr/lib/avr5\libm.a(cmpsf2.o)
 .text.avr-libc.fplib
                0x00000000        0xa c:/program files (x86)/atmel/studio/7.0/toolchain/avr8/avr8-gnu-toolchain/bin/../lib/gcc/avr/5.4.0/../../../../avr/lib/avr5\libm.a(cmpsf2.o)
 .text          0x00000000        0x0 c:/program files (x86)/atmel/studio/7.0/toolchain/avr8/avr8-gnu-toolchain/bin/../lib/gcc/avr/5.4.0/../../../../avr/lib/avr5\libm.a(divsf3.o)
 .data          0x00000000        0x0 c:/program files (x86)/atmel/studio/7.0/toolchain/avr8/avr8-gnu-toolchain/bin/../lib/gcc/avr/5.4.0/../../../../avr/lib/avr5\libm.a(divsf3.o)
 .bss           0x00000000        0x0 c:/program files (x86)/atmel/studio/7.0/toolchain/avr8/avr8-gnu-toolchain/bin/../lib/gcc/avr/5.4.0/../../../../avr/lib/avr5\libm.a(divsf3.o)
 .text.avr-libc.fplib
                0x00000000        0x8 c:/program files (x86)/atmel/studio/7.0/toolchain/avr8/avr8-gnu-toolchain/bin/../lib/gcc/avr/5.4.0/../../../../avr/lib/avr5\libm.a(divsf3.o)
 .text          0x00000000        0x0 c:/program files (x86)/atmel/studio/7.0/toolchain/avr8/avr8-gnu-toolchain/bin/../lib/gcc/avr/5.4.0/../../../../avr/lib/avr5\libm.a(divsf3x.o)
 .data          0x00000000        0x0 c:/program files (x86)/atmel/studio/7.0/toolchain/avr8/avr8-gnu-toolchain/bin/../lib/gcc/avr/5.4.0/../../../../avr/lib/avr5\libm.a(divsf3x.o)
 .bss           0x00000000        0x0 c:/program files (x86)/atmel/studio/7.0/toolchain/avr8/avr8-gnu-toolchain/bin/../lib/gcc/avr/5.4.0/../../../../avr/lib/avr5\libm.a(divsf3x.o)
 .text.avr-libc.fplib
                0x00000000       0xdc c:/program files (x86)/atmel/studio/7.0/toolchain/avr8/avr8-gnu-toolchain/bin/../lib/gcc/avr/5.4.0/../../../../avr/lib/avr5\libm.a(divsf3x.o)
 .text          0x00000000        0x0 c:/program files (x86)/atmel/studio/7.0/toolchain/avr8/avr8-gnu-toolchain/bin/../lib/gcc/avr/5.4.0/../../../../avr/lib/avr5\libm.a(fixunssfsi.o)
 .data          0x00000000        0x0 c:/program files (x86)/atmel/studio/7.0/toolchain/avr8/avr8-gnu-toolchain/bin/../lib/gcc/avr/5.4.0/../../../../avr/lib/avr5\libm.a(fixunssfsi.o)
 .bss           0x00000000        0x0 c:/program files (x86)/atmel/studio/7.0/toolchain/avr8/avr8-gnu-toolchain/bin/../lib/gcc/avr/5.4.0/../../../../avr/lib/avr5\libm.a(fixunssfsi.o)
 .text.avr-libc.fplib
                0x00000000       0x5e c:/program files (x86)/atmel/studio/7.0/toolchain/avr8/avr8-gnu-toolchain/bin/../lib/gcc/avr/5.4.0/../../../../avr/lib/avr5\libm.a(fixunssfsi.o)
 .text          0x00000000        0x0 c:/program files (x86)/atmel/studio/7.0/toolchain/avr8/avr8-gnu-toolchain/bin/../lib/gcc/avr/5.4.0/../../../../avr/lib/avr5\libm.a(fp_cmp.o)
 .data          0x00000000        0x0 c:/program files (x86)/atmel/studio/7.0/toolchain/avr8/avr8-gnu-toolchain/bin/../lib/gcc/avr/5.4.0/../../../../avr/lib/avr5\libm.a(fp_cmp.o)
 .bss           0x00000000        0x0 c:/program files (x86)/atmel/studio/7.0/toolchain/avr8/avr8-gnu-toolchain/bin/../lib/gcc/avr/5.4.0/../../../../avr/lib/avr5\libm.a(fp_cmp.o)
 .text.avr-libc.fplib
                0x00000000       0x48 c:/program files (x86)/atmel/studio/7.0/toolchain/avr8/avr8-gnu-toolchain/bin/../lib/gcc/avr/5.4.0/../../../../avr/lib/avr5\libm.a(fp_cmp.o)
 .text          0x00000000        0x0 c:/program files (x86)/atmel/studio/7.0/toolchain/avr8/avr8-gnu-toolchain/bin/../lib/gcc/avr/5.4.0/../../../../avr/lib/avr5\libm.a(fp_inf.o)
 .data          0x00000000        0x0 c:/program files (x86)/atmel/studio/7.0/toolchain/avr8/avr8-gnu-toolchain/bin/../lib/gcc/avr/5.4.0/../../../../avr/lib/avr5\libm.a(fp_inf.o)
 .bss           0x00000000        0x0 c:/program files (x86)/atmel/studio/7.0/toolchain/avr8/avr8-gnu-toolchain/bin/../lib/gcc/avr/5.4.0/../../../../avr/lib/avr5\libm.a(fp_inf.o)
 .text.avr-libc.fplib
                0x00000000        0xc c:/program files (x86)/atmel/studio/7.0/toolchain/avr8/avr8-gnu-toolchain/bin/../lib/gcc/avr/5.4.0/../../../../avr/lib/avr5\libm.a(fp_inf.o)
 .text          0x00000000        0x0 c:/program files (x86)/atmel/studio/7.0/toolchain/avr8/avr8-gnu-toolchain/bin/../lib/gcc/avr/5.4.0/../../../../avr/lib/avr5\libm.a(fp_mintl.o)
 .data          0x00000000        0x0 c:/program files (x86)/atmel/studio/7.0/toolchain/avr8/avr8-gnu-toolchain/bin/../lib/gcc/avr/5.4.0/../../../../avr/lib/avr5\libm.a(fp_mintl.o)
 .bss           0x00000000        0x0 c:/program files (x86)/atmel/studio/7.0/toolchain/avr8/avr8-gnu-toolchain/bin/../lib/gcc/avr/5.4.0/../../../../avr/lib/avr5\libm.a(fp_mintl.o)
 .text.avr-libc.fplib
                0x00000000       0x36 c:/program files (x86)/atmel/studio/7.0/toolchain/avr8/avr8-gnu-toolchain/bin/../lib/gcc/avr/5.4.0/../../../../avr/lib/avr5\libm.a(fp_mintl.o)
 .text          0x00000000        0x0 c:/program files (x86)/atmel/studio/7.0/toolchain/avr8/avr8-gnu-toolchain/bin/../lib/gcc/avr/5.4.0/../../../../avr/lib/avr5\libm.a(fp_mpack.o)
 .data          0x00000000        0x0 c:/program files (x86)/atmel/studio/7.0/toolchain/avr8/avr8-gnu-toolchain/bin/../lib/gcc/avr/5.4.0/../../../../avr/lib/avr5\libm.a(fp_mpack.o)
 .bss           0x00000000        0x0 c:/program files (x86)/atmel/studio/7.0/toolchain/avr8/avr8-gnu-toolchain/bin/../lib/gcc/avr/5.4.0/../../../../avr/lib/avr5\libm.a(fp_mpack.o)
 .text.avr-libc.fplib
                0x00000000       0x1c c:/program files (x86)/atmel/studio/7.0/toolchain/avr8/avr8-gnu-toolchain/bin/../lib/gcc/avr/5.4.0/../../../../avr/lib/avr5\libm.a(fp_mpack.o)
 .text          0x00000000        0x0 c:/program files (x86)/atmel/studio/7.0/toolchain/avr8/avr8-gnu-toolchain/bin/../lib/gcc/avr/5.4.0/../../../../avr/lib/avr5\libm.a(fp_nan.o)
 .data          0x00000000        0x0 c:/program files (x86)/atmel/studio/7.0/toolchain/avr8/avr8-gnu-toolchain/bin/../lib/gcc/avr/5.4.0/../../../../avr/lib/avr5\libm.a(fp_nan.o)
 .bss           0x00000000        0x0 c:/program files (x86)/atmel/studio/7.0/toolchain/avr8/avr8-gnu-toolchain/bin/../lib/gcc/avr/5.4.0/../../../../avr/lib/avr5\libm.a(fp_nan.o)
 .text.avr-libc.fplib
                0x00000000        0x6 c:/program files (x86)/atmel/studio/7.0/toolchain/avr8/avr8-gnu-toolchain/bin/../lib/gcc/avr/5.4.0/../../../../avr/lib/avr5\libm.a(fp_nan.o)
 .text          0x00000000        0x0 c:/program files (x86)/atmel/studio/7.0/toolchain/avr8/avr8-gnu-toolchain/bin/../lib/gcc/avr/5.4.0/../../../../avr/lib/avr5\libm.a(fp_pscA.o)
 .data          0x00000000        0x0 c:/program files (x86)/atmel/studio/7.0/toolchain/avr8/avr8-gnu-toolchain/bin/../lib/gcc/avr/5.4.0/../../../../avr/lib/avr5\libm.a(fp_pscA.o)
 .bss           0x00000000        0x0 c:/program files (x86)/atmel/studio/7.0/toolchain/avr8/avr8-gnu-toolchain/bin/../lib/gcc/avr/5.4.0/../../../../avr/lib/avr5\libm.a(fp_pscA.o)
 .text.avr-libc.fplib
                0x00000000        0xe c:/program files (x86)/atmel/studio/7.0/toolchain/avr8/avr8-gnu-toolchain/bin/../lib/gcc/avr/5.4.0/../../../../avr/lib/avr5\libm.a(fp_pscA.o)
 .text          0x00000000        0x0 c:/program files (x86)/atmel/studio/7.0/toolchain/avr8/avr8-gnu-toolchain/bin/../lib/gcc/avr/5.4.0/../../../../avr/lib/avr5\libm.a(fp_pscB.o)
 .data          0x00000000        0x0 c:/program files (x86)/atmel/studio/7.0/toolchain/avr8/avr8-gnu-toolchain/bin/../lib/gcc/avr/5.4.0/../../../../avr/lib/avr5\libm.a(fp_pscB.o)
 .bss           0x00000000        0x0 c:/program files (x86)/atmel/studio/7.0/toolchain/avr8/avr8-gnu-toolchain/bin/../lib/gcc/avr/5.4.0/../../../../avr/lib/avr5\libm.a(fp_pscB.o)
 .text.avr-libc.fplib
                0x00000000        0xe c:/program files (x86)/atmel/studio/7.0/toolchain/avr8/avr8-gnu-toolchain/bin/../lib/gcc/avr/5.4.0/../../../../avr/lib/avr5\libm.a(fp_pscB.o)
 .text          0x00000000        0x0 c:/program files (x86)/atmel/studio/7.0/toolchain/avr8/avr8-gnu-toolchain/bin/../lib/gcc/avr/5.4.0/../../../../avr/lib/avr5\libm.a(fp_round.o)
 .data          0x00000000        0x0 c:/program files (x86)/atmel/studio/7.0/toolchain/avr8/avr8-gnu-toolchain/bin/../lib/gcc/avr/5.4.0/../../../../avr/lib/avr5\libm.a(fp_round.o)
 .bss           0x00000000        0x0 c:/program files (x86)/atmel/studio/7.0/toolchain/avr8/avr8-gnu-toolchain/bin/../lib/gcc/avr/5.4.0/../../../../avr/lib/avr5\libm.a(fp_round.o)
 .text.avr-libc.fplib
                0x00000000       0x22 c:/program files (x86)/atmel/studio/7.0/toolchain/avr8/avr8-gnu-toolchain/bin/../lib/gcc/avr/5.4.0/../../../../avr/lib/avr5\libm.a(fp_round.o)
 .text          0x00000000        0x0 c:/program files (x86)/atmel/studio/7.0/toolchain/avr8/avr8-gnu-toolchain/bin/../lib/gcc/avr/5.4.0/../../../../avr/lib/avr5\libm.a(fp_split3.o)
 .data          0x00000000        0x0 c:/program files (x86)/atmel/studio/7.0/toolchain/avr8/avr8-gnu-toolchain/bin/../lib/gcc/avr/5.4.0/../../../../avr/lib/avr5\libm.a(fp_split3.o)
 .bss           0x00000000        0x0 c:/program files (x86)/atmel/studio/7.0/toolchain/avr8/avr8-gnu-toolchain/bin/../lib/gcc/avr/5.4.0/../../../../avr/lib/avr5\libm.a(fp_split3.o)
 .text.avr-libc.fplib
                0x00000000       0x44 c:/program files (x86)/atmel/studio/7.0/toolchain/avr8/avr8-gnu-toolchain/bin/../lib/gcc/avr/5.4.0/../../../../avr/lib/avr5\libm.a(fp_split3.o)
 .text          0x00000000        0x0 c:/program files (x86)/atmel/studio/7.0/toolchain/avr8/avr8-gnu-toolchain/bin/../lib/gcc/avr/5.4.0/../../../../avr/lib/avr5\libm.a(fp_trunc.o)
 .data          0x00000000        0x0 c:/program files (x86)/atmel/studio/7.0/toolchain/avr8/avr8-gnu-toolchain/bin/../lib/gcc/avr/5.4.0/../../../../avr/lib/avr5\libm.a(fp_trunc.o)
 .bss           0x00000000        0x0 c:/program files (x86)/atmel/studio/7.0/toolchain/avr8/avr8-gnu-toolchain/bin/../lib/gcc/avr/5.4.0/../../../../avr/lib/avr5\libm.a(fp_trunc.o)
 .text.avr-libc.fplib
                0x00000000       0x30 c:/program files (x86)/atmel/studio/7.0/toolchain/avr8/avr8-gnu-toolchain/bin/../lib/gcc/avr/5.4.0/../../../../avr/lib/avr5\libm.a(fp_trunc.o)
 .text          0x00000000        0x0 c:/program files (x86)/atmel/studio/7.0/toolchain/avr8/avr8-gnu-toolchain/bin/../lib/gcc/avr/5.4.0/../../../../avr/lib/avr5\libm.a(fp_zero.o)
 .data          0x00000000        0x0 c:/program files (x86)/atmel/studio/7.0/toolchain/avr8/avr8-gnu-toolchain/bin/../lib/gcc/avr/5.4.0/../../../../avr/lib/avr5\libm.a(fp_zero.o)
 .bss           0x00000000        0x0 c:/program files (x86)/atmel/studio/7.0/toolchain/avr8/avr8-gnu-toolchain/bin/../lib/gcc/avr/5.4.0/../../../../avr/lib/avr5\libm.a(fp_zero.o)
 .text.avr-libc.fplib
                0x00000000        0xe c:/program files (x86)/atmel/studio/7.0/toolchain/avr8/avr8-gnu-toolchain/bin/../lib/gcc/avr/5.4.0/../../../../avr/lib/avr5\libm.a(fp_zero.o)
 .text          0x00000000        0x0 c:/program files (x86)/atmel/studio/7.0/toolchain/avr8/avr8-gnu-toolchain/bin/../lib/gcc/avr/5.4.0/../../../../avr/lib/avr5\libm.a(gesf2.o)
 .data          0x00000000        0x0 c:/program files (x86)/atmel/studio/7.0/toolchain/avr8/avr8-gnu-toolchain/bin/../lib/gcc/avr/5.4.0/../../../../avr/lib/avr5\libm.a(gesf2.o)
 .bss           0x00000000        0x0 c:/program files (x86)/atmel/studio/7.0/toolchain/avr8/avr8-gnu-toolchain/bin/../lib/gcc/avr/5.4.0/../../../../avr/lib/avr5\libm.a(gesf2.o)
 .text.avr-libc.fplib
                0x00000000        0xa c:/program files (x86)/atmel/studio/7.0/toolchain/avr8/avr8-gnu-toolchain/bin/../lib/gcc/avr/5.4.0/../../../../avr/lib/avr5\libm.a(gesf2.o)
 .text          0x00000000        0x0 c:/program files (x86)/atmel/studio/7.0/toolchain/avr8/avr8-gnu-toolchain/bin/../lib/gcc/avr/5.4.0/avr5\libgcc.a(_udivmodsi4.o)
 .data          0x00000000        0x0 c:/program files (x86)/atmel/studio/7.0/toolchain/avr8/avr8-gnu-toolchain/bin/../lib/gcc/avr/5.4.0/avr5\libgcc.a(_udivmodsi4.o)
 .bss           0x00000000        0x0 c:/program files (x86)/atmel/studio/7.0/toolchain/avr8/avr8-gnu-toolchain/bin/../lib/gcc/avr/5.4.0/avr5\libgcc.a(_udivmodsi4.o)
 .text.libgcc.mul
                0x00000000        0x0 c:/program files (x86)/atmel/studio/7.0/toolchain/avr8/avr8-gnu-toolchain/bin/../lib/gcc/avr/5.4.0/avr5\libgcc.a(_udivmodsi4.o)
 .text.libgcc.div
                0x00000000       0x44 c:/program files (x86)/atmel/studio/7.0/toolchain/avr8/avr8-gnu-toolchain/bin/../lib/gcc/avr/5.4.0/avr5\libgcc.a(_udivmodsi4.o)
 .text.libgcc   0x00000000        0x0 c:/program files (x86)/atmel/studio/7.0/toolchain/avr8/avr8-gnu-toolchain/bin/../lib/gcc/avr/5.4.0/avr5\libgcc.a(_udivmodsi4.o)
 .text.libgcc.prologue
                0x00000000        0x0 c:/program files (x86)/atmel/studio/7.0/toolchain/avr8/avr8-gnu-toolchain/bin/../lib/gcc/avr/5.4.0/avr5\libgcc.a(_udivmodsi4.o)
 .text.libgcc.builtins
                0x00000000        0x0 c:/program files (x86)/atmel/studio/7.0/toolchain/avr8/avr8-gnu-toolchain/bin/../lib/gcc/avr/5.4.0/avr5\libgcc.a(_udivmodsi4.o)
 .text.libgcc.fmul
                0x00000000        0x0 c:/program files (x86)/atmel/studio/7.0/toolchain/avr8/avr8-gnu-toolchain/bin/../lib/gcc/avr/5.4.0/avr5\libgcc.a(_udivmodsi4.o)
 .text.libgcc.fixed
                0x00000000        0x0 c:/program files (x86)/atmel/studio/7.0/toolchain/avr8/avr8-gnu-toolchain/bin/../lib/gcc/avr/5.4.0/avr5\libgcc.a(_udivmodsi4.o)
 .text          0x00000000        0x0 c:/program files (x86)/atmel/studio/7.0/toolchain/avr8/avr8-gnu-toolchain/bin/../lib/gcc/avr/5.4.0/avr5\libgcc.a(_exit.o)
 .data          0x00000000        0x0 c:/program files (x86)/atmel/studio/7.0/toolchain/avr8/avr8-gnu-toolchain/bin/../lib/gcc/avr/5.4.0/avr5\libgcc.a(_exit.o)
 .bss           0x00000000        0x0 c:/program files (x86)/atmel/studio/7.0/toolchain/avr8/avr8-gnu-toolchain/bin/../lib/gcc/avr/5.4.0/avr5\libgcc.a(_exit.o)
 .text.libgcc.mul
                0x00000000        0x0 c:/program files (x86)/atmel/studio/7.0/toolchain/avr8/avr8-gnu-toolchain/bin/../lib/gcc/avr/5.4.0/avr5\libgcc.a(_exit.o)
 .text.libgcc.div
                0x00000000        0x0 c:/program files (x86)/atmel/studio/7.0/toolchain/avr8/avr8-gnu-toolchain/bin/../lib/gcc/avr/5.4.0/avr5\libgcc.a(_exit.o)
 .text.libgcc   0x00000000        0x0 c:/program files (x86)/atmel/studio/7.0/toolchain/avr8/avr8-gnu-toolchain/bin/../lib/gcc/avr/5.4.0/avr5\libgcc.a(_exit.o)
 .text.libgcc.prologue
                0x00000000        0x0 c:/program files (x86)/atmel/studio/7.0/toolchain/avr8/avr8-gnu-toolchain/bin/../lib/gcc/avr/5.4.0/avr5\libgcc.a(_exit.o)
 .text.libgcc.builtins
                0x00000000        0x0 c:/program files (x86)/atmel/studio/7.0/toolchain/avr8/avr8-gnu-toolchain/bin/../lib/gcc/avr/5.4.0/avr5\libgcc.a(_exit.o)
 .text.libgcc.fmul
                0x00000000        0x0 c:/program files (x86)/atmel/studio/7.0/toolchain/avr8/avr8-gnu-toolchain/bin/../lib/gcc/avr/5.4.0/avr5\libgcc.a(_exit.o)
 .text.libgcc.fixed
                0x00000000        0x0 c:/program files (x86)/atmel/studio/7.0/toolchain/avr8/avr8-gnu-toolchain/bin/../lib/gcc/avr/5.4.0/avr5\libgcc.a(_exit.o)
 .text          0x00000000        0x0 c:/program files (x86)/atmel/studio/7.0/toolchain/avr8/avr8-gnu-toolchain/bin/../lib/gcc/avr/5.4.0/avr5\libgcc.a(_tablejump2.o)
 .data          0x00000000        0x0 c:/program files (x86)/atmel/studio/7.0/toolchain/avr8/avr8-gnu-toolchain/bin/../lib/gcc/avr/5.4.0/avr5\libgcc.a(_tablejump2.o)
 .bss           0x00000000        0x0 c:/program files (x86)/atmel/studio/7.0/toolchain/avr8/avr8-gnu-toolchain/bin/../lib/gcc/avr/5.4.0/avr5\libgcc.a(_tablejump2.o)
 .text.libgcc.mul
                0x00000000        0x0 c:/program files (x86)/atmel/studio/7.0/toolchain/avr8/avr8-gnu-toolchain/bin/../lib/gcc/avr/5.4.0/avr5\libgcc.a(_tablejump2.o)
 .text.libgcc.div
                0x00000000        0x0 c:/program files (x86)/atmel/studio/7.0/toolchain/avr8/avr8-gnu-toolchain/bin/../lib/gcc/avr/5.4.0/avr5\libgcc.a(_tablejump2.o)
 .text.libgcc   0x00000000        0xc c:/program files (x86)/atmel/studio/7.0/toolchain/avr8/avr8-gnu-toolchain/bin/../lib/gcc/avr/5.4.0/avr5\libgcc.a(_tablejump2.o)
 .text.libgcc.prologue
                0x00000000        0x0 c:/program files (x86)/atmel/studio/7.0/toolchain/avr8/avr8-gnu-toolchain/bin/../lib/gcc/avr/5.4.0/avr5\libgcc.a(_tablejump2.o)
 .text.libgcc.builtins
                0x00000000        0x0 c:/program files (x86)/atmel/studio/7.0/toolchain/avr8/avr8-gnu-toolchain/bin/../lib/gcc/avr/5.4.0/avr5\libgcc.a(_tablejump2.o)
 .text.libgcc.fmul
                0x00000000        0x0 c:/program files (x86)/atmel/studio/7.0/toolchain/avr8/avr8-gnu-toolchain/bin/../lib/gcc/avr/5.4.0/avr5\libgcc.a(_tablejump2.o)
 .text.libgcc.fixed
                0x00000000        0x0 c:/program files (x86)/atmel/studio/7.0/toolchain/avr8/avr8-gnu-toolchain/bin/../lib/gcc/avr/5.4.0/avr5\libgcc.a(_tablejump2.o)
 .text          0x00000000        0x0 c:/program files (x86)/atmel/studio/7.0/toolchain/avr8/avr8-gnu-toolchain/bin/../lib/gcc/avr/5.4.0/avr5\libgcc.a(_copy_data.o)
 .data          0x00000000        0x0 c:/program files (x86)/atmel/studio/7.0/toolchain/avr8/avr8-gnu-toolchain/bin/../lib/gcc/avr/5.4.0/avr5\libgcc.a(_copy_data.o)
 .bss           0x00000000        0x0 c:/program files (x86)/atmel/studio/7.0/toolchain/avr8/avr8-gnu-toolchain/bin/../lib/gcc/avr/5.4.0/avr5\libgcc.a(_copy_data.o)
 .text.libgcc.mul
                0x00000000        0x0 c:/program files (x86)/atmel/studio/7.0/toolchain/avr8/avr8-gnu-toolchain/bin/../lib/gcc/avr/5.4.0/avr5\libgcc.a(_copy_data.o)
 .text.libgcc.div
                0x00000000        0x0 c:/program files (x86)/atmel/studio/7.0/toolchain/avr8/avr8-gnu-toolchain/bin/../lib/gcc/avr/5.4.0/avr5\libgcc.a(_copy_data.o)
 .text.libgcc   0x00000000        0x0 c:/program files (x86)/atmel/studio/7.0/toolchain/avr8/avr8-gnu-toolchain/bin/../lib/gcc/avr/5.4.0/avr5\libgcc.a(_copy_data.o)
 .text.libgcc.prologue
                0x00000000        0x0 c:/program files (x86)/atmel/studio/7.0/toolchain/avr8/avr8-gnu-toolchain/bin/../lib/gcc/avr/5.4.0/avr5\libgcc.a(_copy_data.o)
 .text.libgcc.builtins
                0x00000000        0x0 c:/program files (x86)/atmel/studio/7.0/toolchain/avr8/avr8-gnu-toolchain/bin/../lib/gcc/avr/5.4.0/avr5\libgcc.a(_copy_data.o)
 .text.libgcc.fmul
                0x00000000        0x0 c:/program files (x86)/atmel/studio/7.0/toolchain/avr8/avr8-gnu-toolchain/bin/../lib/gcc/avr/5.4.0/avr5\libgcc.a(_copy_data.o)
 .text.libgcc.fixed
                0x00000000        0x0 c:/program files (x86)/atmel/studio/7.0/toolchain/avr8/avr8-gnu-toolchain/bin/../lib/gcc/avr/5.4.0/avr5\libgcc.a(_copy_data.o)
 .text          0x00000000        0x0 c:/program files (x86)/atmel/studio/7.0/toolchain/avr8/avr8-gnu-toolchain/bin/../lib/gcc/avr/5.4.0/avr5\libgcc.a(_clear_bss.o)
 .data          0x00000000        0x0 c:/program files (x86)/atmel/studio/7.0/toolchain/avr8/avr8-gnu-toolchain/bin/../lib/gcc/avr/5.4.0/avr5\libgcc.a(_clear_bss.o)
 .bss           0x00000000        0x0 c:/program files (x86)/atmel/studio/7.0/toolchain/avr8/avr8-gnu-toolchain/bin/../lib/gcc/avr/5.4.0/avr5\libgcc.a(_clear_bss.o)
 .text.libgcc.mul
                0x00000000        0x0 c:/program files (x86)/atmel/studio/7.0/toolchain/avr8/avr8-gnu-toolchain/bin/../lib/gcc/avr/5.4.0/avr5\libgcc.a(_clear_bss.o)
 .text.libgcc.div
                0x00000000        0x0 c:/program files (x86)/atmel/studio/7.0/toolchain/avr8/avr8-gnu-toolchain/bin/../lib/gcc/avr/5.4.0/avr5\libgcc.a(_clear_bss.o)
 .text.libgcc   0x00000000        0x0 c:/program files (x86)/atmel/studio/7.0/toolchain/avr8/avr8-gnu-toolchain/bin/../lib/gcc/avr/5.4.0/avr5\libgcc.a(_clear_bss.o)
 .text.libgcc.prologue
                0x00000000        0x0 c:/program files (x86)/atmel/studio/7.0/toolchain/avr8/avr8-gnu-toolchain/bin/../lib/gcc/avr/5.4.0/avr5\libgcc.a(_clear_bss.o)
 .text.libgcc.builtins
                0x00000000        0x0 c:/program files (x86)/atmel/studio/7.0/toolchain/avr8/avr8-gnu-toolchain/bin/../lib/gcc/avr/5.4.0/avr5\libgcc.a(_clear_bss.o)
 .text.libgcc.fmul
                0x00000000        0x0 c:/program files (x86)/atmel/studio/7.0/toolchain/avr8/avr8-gnu-toolchain/bin/../lib/gcc/avr/5.4.0/avr5\libgcc.a(_clear_bss.o)
 .text.libgcc.fixed
                0x00000000        0x0 c:/program files (x86)/atmel/studio/7.0/toolchain/avr8/avr8-gnu-toolchain/bin/../lib/gcc/avr/5.4.0/avr5\libgcc.a(_clear_bss.o)

Memory Configuration

Name             Origin             Length             Attributes
text             0x00000000         0x00008000         xr
data             0x00800060         0x00000800         rw !x
eeprom           0x00810000         0x00000400         rw !x
fuse             0x00820000         0x00000002         rw !x
lock             0x00830000         0x00000400         rw !x
signature        0x00840000         0x00000400         rw !x
user_signatures  0x00850000         0x00000400         rw !x
*default*        0x00000000         0xffffffff

Linker script and memory map

LOAD C:/Program Files (x86)/Atmel/Studio/7.0/Packs/atmel/ATmega_DFP/1.7.374/gcc/dev/atmega32/avr5/crtatmega32.o
LOAD APP/APP.o
LOAD HAL/buzzer/buzzer.o
LOAD HAL/keypad/keypad.o
LOAD HAL/lcd/LCD.o
LOAD HAL/led/LED.o
LOAD main.o
LOAD MCAL/dio/DIO.o
LOAD MCAL/exi_interrupt/EXI_INTERRUPT.o
LOAD MCAL/spi/spi.o
LOAD MCAL/timers/timer.o
LOAD MCAL/usart/uart.o
LOAD MCAL/usart/uart_config.o
LOAD SERVICE/bcm/bcm.o
LOAD SERVICE/bcm/bcm_config.o
LOAD SERVICE/sos/sos.o
LOAD SERVICE/sos/sos_config.o
START GROUP
LOAD c:/program files (x86)/atmel/studio/7.0/toolchain/avr8/avr8-gnu-toolchain/bin/../lib/gcc/avr/5.4.0/../../../../avr/lib/avr5\libm.a
END GROUP
START GROUP
LOAD c:/program files (x86)/atmel/studio/7.0/toolchain/avr8/avr8-gnu-toolchain/bin/../lib/gcc/avr/5.4.0/avr5\libgcc.a
LOAD c:/program files (x86)/atmel/studio/7.0/toolchain/avr8/avr8-gnu-toolchain/bin/../lib/gcc/avr/5.4.0/../../../../avr/lib/avr5\libm.a
LOAD c:/program files (x86)/atmel/studio/7.0/toolchain/avr8/avr8-gnu-toolchain/bin/../lib/gcc/avr/5.4.0/../../../../avr/lib/avr5\libc.a
LOAD C:/Program Files (x86)/Atmel/Studio/7.0/Packs/atmel/ATmega_DFP/1.7.374/gcc/dev/atmega32/avr5\libatmega32.a
END GROUP
                0x00000000                __TEXT_REGION_ORIGIN__ = DEFINED (__TEXT_REGION_ORIGIN__)?__TEXT_REGION_ORIGIN__:0x0
                [0x00800060]                __DATA_REGION_ORIGIN__ = DEFINED (__DATA_REGION_ORIGIN__)?__DATA_REGION_ORIGIN__:0x800060
                [0x00008000]                __TEXT_REGION_LENGTH__ = DEFINED (__TEXT_REGION_LENGTH__)?__TEXT_REGION_LENGTH__:0x20000
                [0x00000800]                __DATA_REGION_LENGTH__ = DEFINED (__DATA_REGION_LENGTH__)?__DATA_REGION_LENGTH__:0xffa0
                [0x00000400]                __EEPROM_REGION_LENGTH__ = DEFINED (__EEPROM_REGION_LENGTH__)?__EEPROM_REGION_LENGTH__:0x10000
                [0x00000002]                __FUSE_REGION_LENGTH__ = DEFINED (__FUSE_REGION_LENGTH__)?__FUSE_REGION_LENGTH__:0x400
                0x00000400                __LOCK_REGION_LENGTH__ = DEFINED (__LOCK_REGION_LENGTH__)?__LOCK_REGION_LENGTH__:0x400
                0x00000400                __SIGNATURE_REGION_LENGTH__ = DEFINED (__SIGNATURE_REGION_LENGTH__)?__SIGNATURE_REGION_LENGTH__:0x400
                0x00000400                __USER_SIGNATURE_REGION_LENGTH__ = DEFINED (__USER_SIGNATURE_REGION_LENGTH__)?__USER_SIGNATURE_REGION_LENGTH__:0x400

.hash
 *(.hash)

.dynsym
 *(.dynsym)

.dynstr
 *(.dynstr)

.gnu.version
 *(.gnu.version)

.gnu.version_d
 *(.gnu.version_d)

.gnu.version_r
 *(.gnu.version_r)

.rel.init
 *(.rel.init)

.rela.init
 *(.rela.init)

.rel.text
 *(.rel.text)
 *(.rel.text.*)
 *(.rel.gnu.linkonce.t*)

.rela.text
 *(.rela.text)
 *(.rela.text.*)
 *(.rela.gnu.linkonce.t*)

.rel.fini
 *(.rel.fini)

.rela.fini
 *(.rela.fini)

.rel.rodata
 *(.rel.rodata)
 *(.rel.rodata.*)
 *(.rel.gnu.linkonce.r*)

.rela.rodata
 *(.rela.rodata)
 *(.rela.rodata.*)
 *(.rela.gnu.linkonce.r*)

.rel.data
 *(.rel.data)
 *(.rel.data.*)
 *(.rel.gnu.linkonce.d*)

.rela.data
 *(.rela.data)
 *(.rela.data.*)
 *(.rela.gnu.linkonce.d*)

.rel.ctors
 *(.rel.ctors)

.rela.ctors
 *(.rela.ctors)

.rel.dtors
 *(.rel.dtors)

.rela.dtors
 *(.rela.dtors)

.rel.got
 *(.rel.got)

.rela.got
 *(.rela.got)

.rel.bss
 *(.rel.bss)

.rela.bss
 *(.rela.bss)

.rel.plt
 *(.rel.plt)

.rela.plt
 *(.rela.plt)

.text           0x00000000      0xa62
 *(.vectors)
 .vectors       0x00000000       0x54 C:/Program Files (x86)/Atmel/Studio/7.0/Packs/atmel/ATmega_DFP/1.7.374/gcc/dev/atmega32/avr5/crtatmega32.o
                0x00000000                __vector_default
                0x00000000                __vectors
 *(.vectors)
 *(.progmem.gcc*)
                0x00000054                . = ALIGN (0x2)
                0x00000054                __trampolines_start = .
 *(.trampolines)
 .trampolines   0x00000054        0x0 linker stubs
 *(.trampolines*)
                0x00000054                __trampolines_end = .
 *libprintf_flt.a:*(.progmem.data)
 *libc.a:*(.progmem.data)
 *(.progmem*)
                0x00000054                . = ALIGN (0x2)
 *(.jumptables)
 *(.jumptables*)
 *(.lowtext)
 *(.lowtext*)
                0x00000054                __ctors_start = .
 *(.ctors)
                0x00000054                __ctors_end = .
                0x00000054                __dtors_start = .
 *(.dtors)
                0x00000054                __dtors_end = .
 SORT(*)(.ctors)
 SORT(*)(.dtors)
 *(.init0)
 .init0         0x00000054        0x0 C:/Program Files (x86)/Atmel/Studio/7.0/Packs/atmel/ATmega_DFP/1.7.374/gcc/dev/atmega32/avr5/crtatmega32.o
                0x00000054                __init
 *(.init0)
 *(.init1)
 *(.init1)
 *(.init2)
 .init2         0x00000054        0xc C:/Program Files (x86)/Atmel/Studio/7.0/Packs/atmel/ATmega_DFP/1.7.374/gcc/dev/atmega32/avr5/crtatmega32.o
 *(.init2)
 *(.init3)
 *(.init3)
 *(.init4)
 .init4         0x00000060       0x16 c:/program files (x86)/atmel/studio/7.0/toolchain/avr8/avr8-gnu-toolchain/bin/../lib/gcc/avr/5.4.0/avr5\libgcc.a(_copy_data.o)
                0x00000060                __do_copy_data
 .init4         0x00000076       0x10 c:/program files (x86)/atmel/studio/7.0/toolchain/avr8/avr8-gnu-toolchain/bin/../lib/gcc/avr/5.4.0/avr5\libgcc.a(_clear_bss.o)
                0x00000076                __do_clear_bss
 *(.init4)
 *(.init5)
 *(.init5)
 *(.init6)
 *(.init6)
 *(.init7)
 *(.init7)
 *(.init8)
 *(.init8)
 *(.init9)
 .init9         0x00000086        0x8 C:/Program Files (x86)/Atmel/Studio/7.0/Packs/atmel/ATmega_DFP/1.7.374/gcc/dev/atmega32/avr5/crtatmega32.o
 *(.init9)
 *(.text)
 .text          0x0000008e        0x4 C:/Program Files (x86)/Atmel/Studio/7.0/Packs/atmel/ATmega_DFP/1.7.374/gcc/dev/atmega32/avr5/crtatmega32.o
                0x0000008e                __bad_interrupt
                0x0000008e                __vector_6
                0x0000008e                __vector_11
                0x0000008e                __vector_17
                0x0000008e                __vector_19
                0x0000008e                __vector_7
                0x0000008e                __vector_4
                0x0000008e                __vector_9
                0x0000008e                __vector_8
                0x0000008e                __vector_14
                0x0000008e                __vector_10
                0x0000008e                __vector_16
                0x0000008e                __vector_18
                0x0000008e                __vector_20
                0x00000092                . = ALIGN (0x2)
 *(.text.*)
 .text.app_Init
                0x00000092       0x5c APP/APP.o
                0x00000092                app_Init
 .text.app_Start
                0x000000ee       0x2a APP/APP.o
                0x000000ee                app_Start
 .text.LED_INIT
                0x00000118       0x12 HAL/led/LED.o
                0x00000118                LED_INIT
 .text.LED_ON   0x0000012a       0x12 HAL/led/LED.o
                0x0000012a                LED_ON
 .text.main     0x0000013c        0xa main.o
                0x0000013c                main
 .text.DIO_INITPIN
                0x00000146      0x204 MCAL/dio/DIO.o
                0x00000146                DIO_INITPIN
 .text.DIO_WRITEPIN
                0x0000034a      0x13a MCAL/dio/DIO.o
                0x0000034a                DIO_WRITEPIN
 .text.__vector_1
                0x00000484       0x52 MCAL/exi_interrupt/EXI_INTERRUPT.o
                0x00000484                __vector_1
 .text.__vector_2
                0x000004d6       0x52 MCAL/exi_interrupt/EXI_INTERRUPT.o
                0x000004d6                __vector_2
 .text.__vector_3
                0x00000528       0x52 MCAL/exi_interrupt/EXI_INTERRUPT.o
                0x00000528                __vector_3
 .text.__vector_12
                0x0000057a       0x52 MCAL/spi/spi.o
                0x0000057a                __vector_12
 .text.__vector_5
                0x000005cc       0x14 MCAL/timers/timer.o
                0x000005cc                __vector_5
 .text.uart_init
                0x000005e0      0x168 MCAL/usart/uart.o
                0x000005e0                uart_init
 .text.uart_RX_intEnable
                0x00000748        0x8 MCAL/usart/uart.o
                0x00000748                uart_RX_intEnable
 .text.__vector_13
                0x00000750       0x52 MCAL/usart/uart.o
                0x00000750                __vector_13
 .text.uart_receive
                0x000007a2        0x4 MCAL/usart/uart.o
                0x000007a2                uart_receive
 .text.uart_RX_SetCallBack
                0x000007a6        0xa MCAL/usart/uart.o
                0x000007a6                uart_RX_SetCallBack
 .text.__vector_15
                0x000007b0       0x52 MCAL/usart/uart.o
                0x000007b0                __vector_15
 .text.uart_TX_intEnable
                0x00000802        0x8 MCAL/usart/uart.o
                0x00000802                uart_TX_intEnable
 .text.uart_TX_SetCallBack
                0x0000080a        0xa MCAL/usart/uart.o
                0x0000080a                uart_TX_SetCallBack
 .text.uart_transmit
                0x00000814        0x4 MCAL/usart/uart.o
                0x00000814                uart_transmit
 .text.uart_TX_RX_interrupt_enable
                0x00000818        0xa MCAL/usart/uart.o
                0x00000818                uart_TX_RX_interrupt_enable
 .text.bcm_init
                0x00000822       0x22 SERVICE/bcm/bcm.o
                0x00000822                bcm_init
 .text.bcm_send_n
                0x00000844       0xbc SERVICE/bcm/bcm.o
                0x00000844                bcm_send_n
 .text.bcm_disbatcher
                0x00000900      0x14e SERVICE/bcm/bcm.o
                0x00000900                bcm_disbatcher
 .text.uart_isr_send_func
                0x00000a4e        0x8 SERVICE/bcm/bcm_config.o
                0x00000a4e                uart_isr_send_func
 .text.uart_isr_recieve_func
                0x00000a56        0x8 SERVICE/bcm/bcm_config.o
                0x00000a56                uart_isr_recieve_func
                0x00000a5e                . = ALIGN (0x2)
 *(.fini9)
 .fini9         0x00000a5e        0x0 c:/program files (x86)/atmel/studio/7.0/toolchain/avr8/avr8-gnu-toolchain/bin/../lib/gcc/avr/5.4.0/avr5\libgcc.a(_exit.o)
                0x00000a5e                _exit
                0x00000a5e                exit
 *(.fini9)
 *(.fini8)
 *(.fini8)
 *(.fini7)
 *(.fini7)
 *(.fini6)
 *(.fini6)
 *(.fini5)
 *(.fini5)
 *(.fini4)
 *(.fini4)
 *(.fini3)
 *(.fini3)
 *(.fini2)
 *(.fini2)
 *(.fini1)
 *(.fini1)
 *(.fini0)
 .fini0         0x00000a5e        0x4 c:/program files (x86)/atmel/studio/7.0/toolchain/avr8/avr8-gnu-toolchain/bin/../lib/gcc/avr/5.4.0/avr5\libgcc.a(_exit.o)
 *(.fini0)
                0x00000a62                _etext = .

.data           0x00800060       0x34 load address 0x00000a62
                0x00800060                PROVIDE (__data_start, .)
 *(.data)
 *(.data*)
 .data.o        0x00800060        0x1 APP/APP.o
                0x00800060                o
 .data.z        0x00800061        0x1 APP/APP.o
                0x00800061                z
 .data.x        0x00800062        0x1 APP/APP.o
                0x00800062                x
 .data.y        0x00800063        0x1 APP/APP.o
                0x00800063                y
 .data.d        0x00800064        0x1 APP/APP.o
                0x00800064                d
 .data.c        0x00800065        0x9 APP/APP.o
                0x00800065                c
 .data.b        0x0080006e        0x7 APP/APP.o
                0x0080006e                b
 .data.a        0x00800075        0x3 APP/APP.o
                0x00800075                a
 .data.g_str_uart_config
                0x00800078       0x12 MCAL/usart/uart_config.o
                0x00800078                g_str_uart_config
 .data.l_sendState.1809
                0x0080008a        0x1 SERVICE/bcm/bcm.o
 .data.str_bcm_init_t
                0x0080008b        0x8 SERVICE/bcm/bcm_config.o
                0x0080008b                str_bcm_init_t
 *(.gnu.linkonce.d*)
 *(.rodata)
 *(.rodata*)
 *(.gnu.linkonce.r*)
                0x00800094                . = ALIGN (0x2)
 *fill*         0x00800093        0x1 
                0x00800094                _edata = .
                0x00800094                PROVIDE (__data_end, .)

.bss            0x00800094       0x14
                0x00800094                PROVIDE (__bss_start, .)
 *(.bss)
 *(.bss*)
 .bss.ptrf_INT_2
                0x00800094        0x2 MCAL/exi_interrupt/EXI_INTERRUPT.o
 .bss.ptrf_INT_1
                0x00800096        0x2 MCAL/exi_interrupt/EXI_INTERRUPT.o
 .bss.ptrf_INT_0
                0x00800098        0x2 MCAL/exi_interrupt/EXI_INTERRUPT.o
 .bss.SPI_Fptr  0x0080009a        0x2 MCAL/spi/spi.o
 .bss.uart_TX_fptr
                0x0080009c        0x2 MCAL/usart/uart.o
 .bss.uart_RX_fptr
                0x0080009e        0x2 MCAL/usart/uart.o
 .bss.l_rx_buffer_element.1818
                0x008000a0        0x1 SERVICE/bcm/bcm.o
 .bss.dispatcher_state.1819
                0x008000a1        0x1 SERVICE/bcm/bcm.o
 .bss.l_buffer_element.1817
                0x008000a2        0x1 SERVICE/bcm/bcm.o
 .bss.l_buffer_Num.1816
                0x008000a3        0x1 SERVICE/bcm/bcm.o
 .bss.l_first_use.1815
                0x008000a4        0x1 SERVICE/bcm/bcm.o
 .bss.l_bufferNum.1810
                0x008000a5        0x1 SERVICE/bcm/bcm.o
 .bss.gl_uart_state2
                0x008000a6        0x1 SERVICE/bcm/bcm_config.o
                0x008000a6                gl_uart_state2
 .bss.gl_uart_state
                0x008000a7        0x1 SERVICE/bcm/bcm_config.o
                0x008000a7                gl_uart_state
 *(COMMON)
                0x008000a8                PROVIDE (__bss_end, .)
                0x00000a62                __data_load_start = LOADADDR (.data)
                0x00000a96                __data_load_end = (__data_load_start + SIZEOF (.data))

.noinit         0x008000a8        0x0
                [!provide]                PROVIDE (__noinit_start, .)
 *(.noinit*)
                [!provide]                PROVIDE (__noinit_end, .)
                0x008000a8                _end = .
                [!provide]                PROVIDE (__heap_start, .)

.eeprom         0x00810000        0x0
 *(.eeprom*)
                0x00810000                __eeprom_end = .

.fuse
 *(.fuse)
 *(.lfuse)
 *(.hfuse)
 *(.efuse)

.lock
 *(.lock*)

.signature
 *(.signature*)

.user_signatures
 *(.user_signatures*)

.stab
 *(.stab)

.stabstr
 *(.stabstr)

.stab.excl
 *(.stab.excl)

.stab.exclstr
 *(.stab.exclstr)

.stab.index
 *(.stab.index)

.stab.indexstr
 *(.stab.indexstr)

.comment        0x00000000       0x30
 *(.comment)
 .comment       0x00000000       0x30 APP/APP.o
                                 0x31 (size before relaxing)
 .comment       0x00000030       0x31 HAL/led/LED.o
 .comment       0x00000030       0x31 main.o
 .comment       0x00000030       0x31 MCAL/dio/DIO.o
 .comment       0x00000030       0x31 MCAL/exi_interrupt/EXI_INTERRUPT.o
 .comment       0x00000030       0x31 MCAL/spi/spi.o
 .comment       0x00000030       0x31 MCAL/timers/timer.o
 .comment       0x00000030       0x31 MCAL/usart/uart.o
 .comment       0x00000030       0x31 MCAL/usart/uart_config.o
 .comment       0x00000030       0x31 SERVICE/bcm/bcm.o
 .comment       0x00000030       0x31 SERVICE/bcm/bcm_config.o

.note.gnu.avr.deviceinfo
                0x00000000       0x3c
 .note.gnu.avr.deviceinfo
                0x00000000       0x3c C:/Program Files (x86)/Atmel/Studio/7.0/Packs/atmel/ATmega_DFP/1.7.374/gcc/dev/atmega32/avr5/crtatmega32.o

.note.gnu.build-id
 *(.note.gnu.build-id)

.debug
 *(.debug)

.line
 *(.line)

.debug_srcinfo
 *(.debug_srcinfo)

.debug_sfnames
 *(.debug_sfnames)

.debug_aranges  0x00000000      0x308
 *(.debug_aranges)
 .debug_aranges
                0x00000000       0x28 APP/APP.o
 .debug_aranges
                0x00000028       0x30 HAL/led/LED.o
 .debug_aranges
                0x00000058       0x20 main.o
 .debug_aranges
                0x00000078       0x38 MCAL/dio/DIO.o
 .debug_aranges
                0x000000b0       0x50 MCAL/exi_interrupt/EXI_INTERRUPT.o
 .debug_aranges
                0x00000100       0x68 MCAL/spi/spi.o
 .debug_aranges
                0x00000168       0x98 MCAL/timers/timer.o
 .debug_aranges
                0x00000200       0x88 MCAL/usart/uart.o
 .debug_aranges
                0x00000288       0x18 MCAL/usart/uart_config.o
 .debug_aranges
                0x000002a0       0x40 SERVICE/bcm/bcm.o
 .debug_aranges
                0x000002e0       0x28 SERVICE/bcm/bcm_config.o

.debug_pubnames
 *(.debug_pubnames)

.debug_info     0x00000000     0x2a7a
 *(.debug_info .gnu.linkonce.wi.*)
 .debug_info    0x00000000      0x4e6 C:/Program Files (x86)/Atmel/Studio/7.0/Packs/atmel/ATmega_DFP/1.7.374/gcc/dev/atmega32/avr5/crtatmega32.o
 .debug_info    0x000004e6      0x499 APP/APP.o
 .debug_info    0x0000097f      0x2f9 HAL/led/LED.o
 .debug_info    0x00000c78       0xbc main.o
 .debug_info    0x00000d34      0x34a MCAL/dio/DIO.o
 .debug_info    0x0000107e      0x239 MCAL/exi_interrupt/EXI_INTERRUPT.o
 .debug_info    0x000012b7      0x427 MCAL/spi/spi.o
 .debug_info    0x000016de      0x61d MCAL/timers/timer.o
 .debug_info    0x00001cfb      0x5a8 MCAL/usart/uart.o
 .debug_info    0x000022a3      0x1d0 MCAL/usart/uart_config.o
 .debug_info    0x00002473      0x4d5 SERVICE/bcm/bcm.o
 .debug_info    0x00002948      0x132 SERVICE/bcm/bcm_config.o

.debug_abbrev   0x00000000     0x1119
 *(.debug_abbrev)
 .debug_abbrev  0x00000000      0x4a3 C:/Program Files (x86)/Atmel/Studio/7.0/Packs/atmel/ATmega_DFP/1.7.374/gcc/dev/atmega32/avr5/crtatmega32.o
 .debug_abbrev  0x000004a3      0x158 APP/APP.o
 .debug_abbrev  0x000005fb       0xb2 HAL/led/LED.o
 .debug_abbrev  0x000006ad       0x68 main.o
 .debug_abbrev  0x00000715       0xe6 MCAL/dio/DIO.o
 .debug_abbrev  0x000007fb       0xfc MCAL/exi_interrupt/EXI_INTERRUPT.o
 .debug_abbrev  0x000008f7      0x15c MCAL/spi/spi.o
 .debug_abbrev  0x00000a53      0x26c MCAL/timers/timer.o
 .debug_abbrev  0x00000cbf      0x1d3 MCAL/usart/uart.o
 .debug_abbrev  0x00000e92       0x7f MCAL/usart/uart_config.o
 .debug_abbrev  0x00000f11      0x168 SERVICE/bcm/bcm.o
 .debug_abbrev  0x00001079       0xa0 SERVICE/bcm/bcm_config.o

.debug_line     0x00000000     0x1991
 *(.debug_line .debug_line.* .debug_line_end)
 .debug_line    0x00000000      0x116 C:/Program Files (x86)/Atmel/Studio/7.0/Packs/atmel/ATmega_DFP/1.7.374/gcc/dev/atmega32/avr5/crtatmega32.o
 .debug_line    0x00000116      0x11b APP/APP.o
 .debug_line    0x00000231       0xe2 HAL/led/LED.o
 .debug_line    0x00000313       0x5b main.o
 .debug_line    0x0000036e      0x326 MCAL/dio/DIO.o
 .debug_line    0x00000694      0x255 MCAL/exi_interrupt/EXI_INTERRUPT.o
 .debug_line    0x000008e9      0x349 MCAL/spi/spi.o
 .debug_line    0x00000c32      0x60b MCAL/timers/timer.o
 .debug_line    0x0000123d      0x384 MCAL/usart/uart.o
 .debug_line    0x000015c1       0x4a MCAL/usart/uart_config.o
 .debug_line    0x0000160b      0x311 SERVICE/bcm/bcm.o
 .debug_line    0x0000191c       0x75 SERVICE/bcm/bcm_config.o

.debug_frame    0x00000000      0x740
 *(.debug_frame)
 .debug_frame   0x00000000       0x3c APP/APP.o
 .debug_frame   0x0000003c       0x44 HAL/led/LED.o
 .debug_frame   0x00000080       0x24 main.o
 .debug_frame   0x000000a4       0x54 MCAL/dio/DIO.o
 .debug_frame   0x000000f8      0x15c MCAL/exi_interrupt/EXI_INTERRUPT.o
 .debug_frame   0x00000254      0x10c MCAL/spi/spi.o
 .debug_frame   0x00000360      0x1a0 MCAL/timers/timer.o
 .debug_frame   0x00000500      0x184 MCAL/usart/uart.o
 .debug_frame   0x00000684       0x88 SERVICE/bcm/bcm.o
 .debug_frame   0x0000070c       0x34 SERVICE/bcm/bcm_config.o

.debug_str      0x00000000     0x13fc
 *(.debug_str)
 .debug_str     0x00000000      0x196 C:/Program Files (x86)/Atmel/Studio/7.0/Packs/atmel/ATmega_DFP/1.7.374/gcc/dev/atmega32/avr5/crtatmega32.o
 .debug_str     0x00000196      0x3c5 APP/APP.o
                                0x414 (size before relaxing)
 .debug_str     0x0000055b      0x116 HAL/led/LED.o
                                0x2e9 (size before relaxing)
 .debug_str     0x00000671       0x7c main.o
                                0x1bd (size before relaxing)
 .debug_str     0x000006ed      0x12c MCAL/dio/DIO.o
                                0x355 (size before relaxing)
 .debug_str     0x00000819      0x134 MCAL/exi_interrupt/EXI_INTERRUPT.o
                                0x291 (size before relaxing)
 .debug_str     0x0000094d      0x147 MCAL/spi/spi.o
                                0x3b1 (size before relaxing)
 .debug_str     0x00000a94      0x28c MCAL/timers/timer.o
                                0x402 (size before relaxing)
 .debug_str     0x00000d20      0x422 MCAL/usart/uart.o
                                0x5be (size before relaxing)
 .debug_str     0x00001142       0x1c MCAL/usart/uart_config.o
                                0x39f (size before relaxing)
 .debug_str     0x0000115e      0x259 SERVICE/bcm/bcm.o
                                0x569 (size before relaxing)
 .debug_str     0x000013b7       0x45 SERVICE/bcm/bcm_config.o
                                0x262 (size before relaxing)

.debug_loc      0x00000000     0x1ec5
 *(.debug_loc)
 .debug_loc     0x00000000       0x40 APP/APP.o
 .debug_loc     0x00000040      0x252 HAL/led/LED.o
 .debug_loc     0x00000292      0x7e1 MCAL/dio/DIO.o
 .debug_loc     0x00000a73      0x409 MCAL/exi_interrupt/EXI_INTERRUPT.o
 .debug_loc     0x00000e7c      0x2b6 MCAL/spi/spi.o
 .debug_loc     0x00001132      0x83d MCAL/timers/timer.o
 .debug_loc     0x0000196f      0x1fc MCAL/usart/uart.o
 .debug_loc     0x00001b6b      0x35a SERVICE/bcm/bcm.o

.debug_macinfo
 *(.debug_macinfo)

.debug_weaknames
 *(.debug_weaknames)

.debug_funcnames
 *(.debug_funcnames)

.debug_typenames
 *(.debug_typenames)

.debug_varnames
 *(.debug_varnames)

.debug_pubtypes
 *(.debug_pubtypes)

.debug_ranges   0x00000000      0x250
 *(.debug_ranges)
 .debug_ranges  0x00000000       0x18 APP/APP.o
 .debug_ranges  0x00000018       0x20 HAL/led/LED.o
 .debug_ranges  0x00000038       0x10 main.o
 .debug_ranges  0x00000048       0x28 MCAL/dio/DIO.o
 .debug_ranges  0x00000070       0x40 MCAL/exi_interrupt/EXI_INTERRUPT.o
 .debug_ranges  0x000000b0       0x58 MCAL/spi/spi.o
 .debug_ranges  0x00000108       0x88 MCAL/timers/timer.o
 .debug_ranges  0x00000190       0x78 MCAL/usart/uart.o
 .debug_ranges  0x00000208       0x30 SERVICE/bcm/bcm.o
 .debug_ranges  0x00000238       0x18 SERVICE/bcm/bcm_config.o

.debug_macro
 *(.debug_macro)
OUTPUT(BCM.elf elf32-avr)
LOAD linker stubs
